make: `reader' is up to date.
